Archive member included to satisfy reference by file (symbol)

C:/PROGRA~2/ARMGNU~1/13C7F1~1.2RE/bin/../lib/gcc/arm-none-eabi/13.2.1/thumb/v7-m/nofp\libgcc.a(unwind-arm.o)
                              CMakeFiles/Group_Source_Files.dir/D_/Test/gdb_invalid_source_line/test/startup.S.obj (__aeabi_unwind_cpp_pr0)
C:/PROGRA~2/ARMGNU~1/13C7F1~1.2RE/bin/../lib/gcc/arm-none-eabi/13.2.1/thumb/v7-m/nofp\libgcc.a(libunwind.o)
                              C:/PROGRA~2/ARMGNU~1/13C7F1~1.2RE/bin/../lib/gcc/arm-none-eabi/13.2.1/thumb/v7-m/nofp\libgcc.a(unwind-arm.o) (restore_core_regs)
C:/PROGRA~2/ARMGNU~1/13C7F1~1.2RE/bin/../lib/gcc/arm-none-eabi/13.2.1/thumb/v7-m/nofp\libgcc.a(pr-support.o)
                              C:/PROGRA~2/ARMGNU~1/13C7F1~1.2RE/bin/../lib/gcc/arm-none-eabi/13.2.1/thumb/v7-m/nofp\libgcc.a(unwind-arm.o) (__gnu_unwind_execute)
C:/PROGRA~2/ARMGNU~1/13C7F1~1.2RE/bin/../lib/gcc/arm-none-eabi/13.2.1/thumb/v7-m/nofp\libc_nano.a(libc_a-abort.o)
                              C:/PROGRA~2/ARMGNU~1/13C7F1~1.2RE/bin/../lib/gcc/arm-none-eabi/13.2.1/thumb/v7-m/nofp\libgcc.a(unwind-arm.o) (abort)
C:/PROGRA~2/ARMGNU~1/13C7F1~1.2RE/bin/../lib/gcc/arm-none-eabi/13.2.1/thumb/v7-m/nofp\libc_nano.a(libc_a-exit.o)
                              C:/PROGRA~2/ARMGNU~1/13C7F1~1.2RE/bin/../lib/gcc/arm-none-eabi/13.2.1/thumb/v7-m/nofp/crt0.o (exit)
C:/PROGRA~2/ARMGNU~1/13C7F1~1.2RE/bin/../lib/gcc/arm-none-eabi/13.2.1/thumb/v7-m/nofp\libc_nano.a(libc_a-findfp.o)
                              C:/PROGRA~2/ARMGNU~1/13C7F1~1.2RE/bin/../lib/gcc/arm-none-eabi/13.2.1/thumb/v7-m/nofp\libc_nano.a(libc_a-exit.o) (__stdio_exit_handler)
C:/PROGRA~2/ARMGNU~1/13C7F1~1.2RE/bin/../lib/gcc/arm-none-eabi/13.2.1/thumb/v7-m/nofp\libc_nano.a(libc_a-fwalk.o)
                              C:/PROGRA~2/ARMGNU~1/13C7F1~1.2RE/bin/../lib/gcc/arm-none-eabi/13.2.1/thumb/v7-m/nofp\libc_nano.a(libc_a-findfp.o) (_fwalk_sglue)
C:/PROGRA~2/ARMGNU~1/13C7F1~1.2RE/bin/../lib/gcc/arm-none-eabi/13.2.1/thumb/v7-m/nofp\libc_nano.a(libc_a-puts.o)
                              CMakeFiles/Group_Source_Files.dir/D_/Test/gdb_invalid_source_line/test/test.c.obj (puts)
C:/PROGRA~2/ARMGNU~1/13C7F1~1.2RE/bin/../lib/gcc/arm-none-eabi/13.2.1/thumb/v7-m/nofp\libc_nano.a(libc_a-stdio.o)
                              C:/PROGRA~2/ARMGNU~1/13C7F1~1.2RE/bin/../lib/gcc/arm-none-eabi/13.2.1/thumb/v7-m/nofp\libc_nano.a(libc_a-findfp.o) (__sread)
C:/PROGRA~2/ARMGNU~1/13C7F1~1.2RE/bin/../lib/gcc/arm-none-eabi/13.2.1/thumb/v7-m/nofp\libc_nano.a(libc_a-wbuf.o)
                              C:/PROGRA~2/ARMGNU~1/13C7F1~1.2RE/bin/../lib/gcc/arm-none-eabi/13.2.1/thumb/v7-m/nofp\libc_nano.a(libc_a-puts.o) (__swbuf_r)
C:/PROGRA~2/ARMGNU~1/13C7F1~1.2RE/bin/../lib/gcc/arm-none-eabi/13.2.1/thumb/v7-m/nofp\libc_nano.a(libc_a-wsetup.o)
                              C:/PROGRA~2/ARMGNU~1/13C7F1~1.2RE/bin/../lib/gcc/arm-none-eabi/13.2.1/thumb/v7-m/nofp\libc_nano.a(libc_a-puts.o) (__swsetup_r)
C:/PROGRA~2/ARMGNU~1/13C7F1~1.2RE/bin/../lib/gcc/arm-none-eabi/13.2.1/thumb/v7-m/nofp\libc_nano.a(libc_a-memset.o)
                              C:/PROGRA~2/ARMGNU~1/13C7F1~1.2RE/bin/../lib/gcc/arm-none-eabi/13.2.1/thumb/v7-m/nofp/crt0.o (memset)
C:/PROGRA~2/ARMGNU~1/13C7F1~1.2RE/bin/../lib/gcc/arm-none-eabi/13.2.1/thumb/v7-m/nofp\libc_nano.a(libc_a-signal.o)
                              C:/PROGRA~2/ARMGNU~1/13C7F1~1.2RE/bin/../lib/gcc/arm-none-eabi/13.2.1/thumb/v7-m/nofp\libc_nano.a(libc_a-abort.o) (raise)
C:/PROGRA~2/ARMGNU~1/13C7F1~1.2RE/bin/../lib/gcc/arm-none-eabi/13.2.1/thumb/v7-m/nofp\libc_nano.a(libc_a-closer.o)
                              C:/PROGRA~2/ARMGNU~1/13C7F1~1.2RE/bin/../lib/gcc/arm-none-eabi/13.2.1/thumb/v7-m/nofp\libc_nano.a(libc_a-stdio.o) (_close_r)
C:/PROGRA~2/ARMGNU~1/13C7F1~1.2RE/bin/../lib/gcc/arm-none-eabi/13.2.1/thumb/v7-m/nofp\libc_nano.a(libc_a-reent.o)
                              C:/PROGRA~2/ARMGNU~1/13C7F1~1.2RE/bin/../lib/gcc/arm-none-eabi/13.2.1/thumb/v7-m/nofp\libc_nano.a(libc_a-closer.o) (errno)
C:/PROGRA~2/ARMGNU~1/13C7F1~1.2RE/bin/../lib/gcc/arm-none-eabi/13.2.1/thumb/v7-m/nofp\libc_nano.a(libc_a-impure.o)
                              C:/PROGRA~2/ARMGNU~1/13C7F1~1.2RE/bin/../lib/gcc/arm-none-eabi/13.2.1/thumb/v7-m/nofp\libc_nano.a(libc_a-puts.o) (_impure_ptr)
C:/PROGRA~2/ARMGNU~1/13C7F1~1.2RE/bin/../lib/gcc/arm-none-eabi/13.2.1/thumb/v7-m/nofp\libc_nano.a(libc_a-lseekr.o)
                              C:/PROGRA~2/ARMGNU~1/13C7F1~1.2RE/bin/../lib/gcc/arm-none-eabi/13.2.1/thumb/v7-m/nofp\libc_nano.a(libc_a-stdio.o) (_lseek_r)
C:/PROGRA~2/ARMGNU~1/13C7F1~1.2RE/bin/../lib/gcc/arm-none-eabi/13.2.1/thumb/v7-m/nofp\libc_nano.a(libc_a-readr.o)
                              C:/PROGRA~2/ARMGNU~1/13C7F1~1.2RE/bin/../lib/gcc/arm-none-eabi/13.2.1/thumb/v7-m/nofp\libc_nano.a(libc_a-stdio.o) (_read_r)
C:/PROGRA~2/ARMGNU~1/13C7F1~1.2RE/bin/../lib/gcc/arm-none-eabi/13.2.1/thumb/v7-m/nofp\libc_nano.a(libc_a-signalr.o)
[...]
Memory Configuration

Name             Origin             Length             Attributes
FLASH            0x00000000         0x00040000         xr
RAM              0x20000000         0x00020000         xrw
*default*        0x00000000         0xffffffff

Linker script and memory map

LOAD C:/PROGRA~2/ARMGNU~1/13C7F1~1.2RE/bin/../lib/gcc/arm-none-eabi/13.2.1/thumb/v7-m/nofp/crti.o
LOAD C:/PROGRA~2/ARMGNU~1/13C7F1~1.2RE/bin/../lib/gcc/arm-none-eabi/13.2.1/thumb/v7-m/nofp/crtbegin.o
LOAD C:/PROGRA~2/ARMGNU~1/13C7F1~1.2RE/bin/../lib/gcc/arm-none-eabi/13.2.1/thumb/v7-m/nofp/crt0.o
LOAD CMakeFiles/Group_Source_Files.dir/D_/Test/gdb_invalid_source_line/test/startup.S.obj
LOAD CMakeFiles/Group_Source_Files.dir/D_/Test/gdb_invalid_source_line/test/system.c.obj
LOAD CMakeFiles/Group_Source_Files.dir/D_/Test/gdb_invalid_source_line/test/main.c.obj
LOAD CMakeFiles/Group_Source_Files.dir/D_/Test/gdb_invalid_source_line/test/test.c.obj
START GROUP
LOAD C:/PROGRA~2/ARMGNU~1/13C7F1~1.2RE/bin/../lib/gcc/arm-none-eabi/13.2.1/thumb/v7-m/nofp\libgcc.a
LOAD C:/PROGRA~2/ARMGNU~1/13C7F1~1.2RE/bin/../lib/gcc/arm-none-eabi/13.2.1/thumb/v7-m/nofp\libc_nano.a
END GROUP
START GROUP
LOAD C:/PROGRA~2/ARMGNU~1/13C7F1~1.2RE/bin/../lib/gcc/arm-none-eabi/13.2.1/thumb/v7-m/nofp\libgcc.a
LOAD C:/PROGRA~2/ARMGNU~1/13C7F1~1.2RE/bin/../lib/gcc/arm-none-eabi/13.2.1/thumb/v7-m/nofp\libc_nano.a
LOAD C:/PROGRA~2/ARMGNU~1/13C7F1~1.2RE/bin/../lib/gcc/arm-none-eabi/13.2.1/thumb/v7-m/nofp\libnosys.a
END GROUP
START GROUP
LOAD C:/PROGRA~2/ARMGNU~1/13C7F1~1.2RE/bin/../lib/gcc/arm-none-eabi/13.2.1/thumb/v7-m/nofp\libgcc.a
LOAD C:/PROGRA~2/ARMGNU~1/13C7F1~1.2RE/bin/../lib/gcc/arm-none-eabi/13.2.1/thumb/v7-m/nofp\libc_nano.a
LOAD C:/PROGRA~2/ARMGNU~1/13C7F1~1.2RE/bin/../lib/gcc/arm-none-eabi/13.2.1/thumb/v7-m/nofp\libnosys.a
END GROUP
LOAD C:/PROGRA~2/ARMGNU~1/13C7F1~1.2RE/bin/../lib/gcc/arm-none-eabi/13.2.1/thumb/v7-m/nofp/crtend.o
LOAD C:/PROGRA~2/ARMGNU~1/13C7F1~1.2RE/bin/../lib/gcc/arm-none-eabi/13.2.1/thumb/v7-m/nofp/crtn.o
                0x00000000                        __ROM_BASE = 0x0
                0x00040000                        __ROM_SIZE = 0x40000
                0x20000000                        __RAM_BASE = 0x20000000
                0x00020000                        __RAM_SIZE = 0x20000
                0x00000400                        __STACK_SIZE = 0x400
                0x00000c00                        __HEAP_SIZE = 0xc00

.text           0x00000000     0x1be4
 *(.vectors)
 .vectors       0x00000000       0x40 CMakeFiles/Group_Source_Files.dir/D_/Test/gdb_invalid_source_line/test/startup.S.obj
                0x00000000                __Vectors
                0x00000040                __Vectors_End
 *(.text*)
 .text.deregister_tm_clones
                0x00000040       0x1c C:/PROGRA~2/ARMGNU~1/13C7F1~1.2RE/bin/../lib/gcc/arm-none-eabi/13.2.1/thumb/v7-m/nofp/crtbegin.o
 .text.register_tm_clones
                0x0000005c       0x24 C:/PROGRA~2/ARMGNU~1/13C7F1~1.2RE/bin/../lib/gcc/arm-none-eabi/13.2.1/thumb/v7-m/nofp/crtbegin.o
 .text.__do_global_dtors_aux
                0x00000080       0x28 C:/PROGRA~2/ARMGNU~1/13C7F1~1.2RE/bin/../lib/gcc/arm-none-eabi/13.2.1/thumb/v7-m/nofp/crtbegin.o
 .text.frame_dummy
                0x000000a8       0x24 C:/PROGRA~2/ARMGNU~1/13C7F1~1.2RE/bin/../lib/gcc/arm-none-eabi/13.2.1/thumb/v7-m/nofp/crtbegin.o
 .text          0x000000cc       0x7c C:/PROGRA~2/ARMGNU~1/13C7F1~1.2RE/bin/../lib/gcc/arm-none-eabi/13.2.1/thumb/v7-m/nofp/crt0.o
                0x000000cc                _stack_init
                0x000000d4                _start
                0x000000d4                _mainCRTStartup
 .text          0x00000148       0x58 CMakeFiles/Group_Source_Files.dir/D_/Test/gdb_invalid_source_line/test/startup.S.obj
                0x00000148                Reset_Handler
                0x0000018a                HardFault_Handler
                0x0000018c                PendSV_Handler
                0x0000018c                NMI_Handler
                0x0000018c                UsageFault_Handler
                0x0000018c                SysTick_Handler
                0x0000018c                DebugMon_Handler
                0x0000018c                Default_Handler
                0x0000018c                MemManage_Handler
                0x0000018c                SVC_Handler
                0x0000018c                BusFault_Handler
 .text.SystemInit
                0x000001a0        0x4 CMakeFiles/Group_Source_Files.dir/D_/Test/gdb_invalid_source_line/test/system.c.obj
                0x000001a0                SystemInit
 .text.main     0x000001a4        0x8 CMakeFiles/Group_Source_Files.dir/D_/Test/gdb_invalid_source_line/test/main.c.obj
                0x000001a4                main
 .text.test     0x000001ac       0x10 CMakeFiles/Group_Source_Files.dir/D_/Test/gdb_invalid_source_line/test/test.c.obj
                0x000001ac                test
 .text.selfrel_offset31
                0x000001bc       0x14 C:/PROGRA~2/ARMGNU~1/13C7F1~1.2RE/bin/../lib/gcc/arm-none-eabi/13.2.1/thumb/v7-m/nofp\libgcc.a(unwind-arm.o)
 .text.search_EIT_table
                0x000001d0       0x64 C:/PROGRA~2/ARMGNU~1/13C7F1~1.2RE/bin/../lib/gcc/arm-none-eabi/13.2.1/thumb/v7-m/nofp\libgcc.a(unwind-arm.o)
 .text.__gnu_unwind_get_pr_addr
                0x00000234       0x28 C:/PROGRA~2/ARMGNU~1/13C7F1~1.2RE/bin/../lib/gcc/arm-none-eabi/13.2.1/thumb/v7-m/nofp\libgcc.a(unwind-arm.o)
 .text.get_eit_entry
                0x0000025c       0x98 C:/PROGRA~2/ARMGNU~1/13C7F1~1.2RE/bin/../lib/gcc/arm-none-eabi/13.2.1/thumb/v7-m/nofp\libgcc.a(unwind-arm.o)
 .text.restore_non_core_regs
                0x000002f4       0x58 C:/PROGRA~2/ARMGNU~1/13C7F1~1.2RE/bin/../lib/gcc/arm-none-eabi/13.2.1/thumb/v7-m/nofp\libgcc.a(unwind-arm.o)
 .text._Unwind_decode_typeinfo_ptr.constprop.0
                0x0000034c        0xc C:/PROGRA~2/ARMGNU~1/13C7F1~1.2RE/bin/../lib/gcc/arm-none-eabi/13.2.1/thumb/v7-m/nofp\libgcc.a(unwind-arm.o)
 .text._Unwind_DebugHook
                0x00000358        0x4 C:/PROGRA~2/ARMGNU~1/13C7F1~1.2RE/bin/../lib/gcc/arm-none-eabi/13.2.1/thumb/v7-m/nofp\libgcc.a(unwind-arm.o)
 .text.unwind_phase2
                0x0000035c       0x40 C:/PROGRA~2/ARMGNU~1/13C7F1~1.2RE/bin/../lib/gcc/arm-none-eabi/13.2.1/thumb/v7-m/nofp\libgcc.a(unwind-arm.o)
 .text.unwind_phase2_forced
                0x0000039c       0xe0 C:/PROGRA~2/ARMGNU~1/13C7F1~1.2RE/bin/../lib/gcc/arm-none-eabi/13.2.1/thumb/v7-m/nofp\libgcc.a(unwind-arm.o)
 .text.__gnu_Unwind_RaiseException
                0x0000047c       0x68 C:/PROGRA~2/ARMGNU~1/13C7F1~1.2RE/bin/../lib/gcc/arm-none-eabi/13.2.1/thumb/v7-m/nofp\libgcc.a(unwind-arm.o)
                0x0000047c                __gnu_Unwind_RaiseException
 .text.__gnu_Unwind_ForcedUnwind
                0x000004e4       0x18 C:/PROGRA~2/ARMGNU~1/13C7F1~1.2RE/bin/../lib/gcc/arm-none-eabi/13.2.1/thumb/v7-m/nofp\libgcc.a(unwind-arm.o)
                0x000004e4                __gnu_Unwind_ForcedUnwind
 .text.__gnu_Unwind_Resume
                0x000004fc       0x44 C:/PROGRA~2/ARMGNU~1/13C7F1~1.2RE/bin/../lib/gcc/arm-none-eabi/13.2.1/thumb/v7-m/nofp\libgcc.a(unwind-arm.o)
                0x000004fc                __gnu_Unwind_Resume
 .text.__gnu_Unwind_Resume_or_Rethrow
                0x00000540       0x18 C:/PROGRA~2/ARMGNU~1/13C7F1~1.2RE/bin/../lib/gcc/arm-none-eabi/13.2.1/thumb/v7-m/nofp\libgcc.a(unwind-arm.o)
                0x00000540                __gnu_Unwind_Resume_or_Rethrow
 .text._Unwind_VRS_Get
                0x00000558       0x34 C:/PROGRA~2/ARMGNU~1/13C7F1~1.2RE/bin/../lib/gcc/arm-none-eabi/13.2.1/thumb/v7-m/nofp\libgcc.a(unwind-arm.o)
                0x00000558                _Unwind_VRS_Get
 .text._Unwind_GetGR
                0x0000058c       0x1c C:/PROGRA~2/ARMGNU~1/13C7F1~1.2RE/bin/../lib/gcc/arm-none-eabi/13.2.1/thumb/v7-m/nofp\libgcc.a(unwind-arm.o)
 .text._Unwind_VRS_Set
                0x000005a8       0x34 C:/PROGRA~2/ARMGNU~1/13C7F1~1.2RE/bin/../lib/gcc/arm-none-eabi/13.2.1/thumb/v7-m/nofp\libgcc.a(unwind-arm.o)
                0x000005a8                _Unwind_VRS_Set
 .text._Unwind_SetGR
                0x000005dc       0x18 C:/PROGRA~2/ARMGNU~1/13C7F1~1.2RE/bin/../lib/gcc/arm-none-eabi/13.2.1/thumb/v7-m/nofp\libgcc.a(unwind-arm.o)
 .text.__gnu_Unwind_Backtrace
                0x000005f4       0x80 C:/PROGRA~2/ARMGNU~1/13C7F1~1.2RE/bin/../lib/gcc/arm-none-eabi/13.2.1/thumb/v7-m/nofp\libgcc.a(unwind-arm.o)
                0x000005f4                __gnu_Unwind_Backtrace
 .text.__gnu_unwind_pr_common
                0x00000674      0x2a8 C:/PROGRA~2/ARMGNU~1/13C7F1~1.2RE/bin/../lib/gcc/arm-none-eabi/13.2.1/thumb/v7-m/nofp\libgcc.a(unwind-arm.o)
 .text.__aeabi_unwind_cpp_pr0
                0x0000091c        0x8 C:/PROGRA~2/ARMGNU~1/13C7F1~1.2RE/bin/../lib/gcc/arm-none-eabi/13.2.1/thumb/v7-m/nofp\libgcc.a(unwind-arm.o)
                0x0000091c                __aeabi_unwind_cpp_pr0
 .text.__aeabi_unwind_cpp_pr1
                0x00000924        0x8 C:/PROGRA~2/ARMGNU~1/13C7F1~1.2RE/bin/../lib/gcc/arm-none-eabi/13.2.1/thumb/v7-m/nofp\libgcc.a(unwind-arm.o)
                0x00000924                __aeabi_unwind_cpp_pr1
 .text.__aeabi_unwind_cpp_pr2
                0x0000092c        0x8 C:/PROGRA~2/ARMGNU~1/13C7F1~1.2RE/bin/../lib/gcc/arm-none-eabi/13.2.1/thumb/v7-m/nofp\libgcc.a(unwind-arm.o)
                0x0000092c                __aeabi_unwind_cpp_pr2
 .text._Unwind_VRS_Pop
                0x00000934      0x2ec C:/PROGRA~2/ARMGNU~1/13C7F1~1.2RE/bin/../lib/gcc/arm-none-eabi/13.2.1/thumb/v7-m/nofp\libgcc.a(unwind-arm.o)
                0x00000934                _Unwind_VRS_Pop
 .text          0x00000c20      0x1ac C:/PROGRA~2/ARMGNU~1/13C7F1~1.2RE/bin/../lib/gcc/arm-none-eabi/13.2.1/thumb/v7-m/nofp\libgcc.a(libunwind.o)
                0x00000c20                __restore_core_regs
                0x00000c20                restore_core_regs
                0x00000c38                __gnu_Unwind_Restore_VFP
                0x00000c40                __gnu_Unwind_Save_VFP
                0x00000c48                __gnu_Unwind_Restore_VFP_D
                0x00000c50                __gnu_Unwind_Save_VFP_D
                0x00000c58                __gnu_Unwind_Restore_VFP_D_16_to_31
                0x00000c60                __gnu_Unwind_Save_VFP_D_16_to_31
                0x00000c68                __gnu_Unwind_Restore_WMMXD
                0x00000cac                __gnu_Unwind_Save_WMMXD
                0x00000cf0                __gnu_Unwind_Restore_WMMXC
                0x00000d04                __gnu_Unwind_Save_WMMXC
                0x00000d18                ___Unwind_RaiseException
                0x00000d18                _Unwind_RaiseException
                0x00000d3c                _Unwind_Resume
                0x00000d3c                ___Unwind_Resume
                0x00000d60                _Unwind_Resume_or_Rethrow
                0x00000d60                ___Unwind_Resume_or_Rethrow
                0x00000d84                _Unwind_ForcedUnwind
                0x00000d84                ___Unwind_ForcedUnwind
                0x00000da8                ___Unwind_Backtrace
                0x00000da8                _Unwind_Backtrace
 .text.next_unwind_byte
                0x00000dcc       0x38 C:/PROGRA~2/ARMGNU~1/13C7F1~1.2RE/bin/../lib/gcc/arm-none-eabi/13.2.1/thumb/v7-m/nofp\libgcc.a(pr-support.o)
 .text.__gnu_unwind_execute
                0x00000e04      0x2fc C:/PROGRA~2/ARMGNU~1/13C7F1~1.2RE/bin/../lib/gcc/arm-none-eabi/13.2.1/thumb/v7-m/nofp\libgcc.a(pr-support.o)
                0x00000e04                __gnu_unwind_execute
 .text.abort    0x00001100        0xe C:/PROGRA~2/ARMGNU~1/13C7F1~1.2RE/bin/../lib/gcc/arm-none-eabi/13.2.1/thumb/v7-m/nofp\libc_nano.a(libc_a-abort.o)
                0x00001100                abort
 *fill*         0x0000110e        0x2 
 .text.exit     0x00001110       0x24 C:/PROGRA~2/ARMGNU~1/13C7F1~1.2RE/bin/../lib/gcc/arm-none-eabi/13.2.1/thumb/v7-m/nofp\libc_nano.a(libc_a-exit.o)
                0x00001110                exit
 .text.std      0x00001134       0x6c C:/PROGRA~2/ARMGNU~1/13C7F1~1.2RE/bin/../lib/gcc/arm-none-eabi/13.2.1/thumb/v7-m/nofp\libc_nano.a(libc_a-findfp.o)
 .text.stdio_exit_handler
                0x000011a0       0x18 C:/PROGRA~2/ARMGNU~1/13C7F1~1.2RE/bin/../lib/gcc/arm-none-eabi/13.2.1/thumb/v7-m/nofp\libc_nano.a(libc_a-findfp.o)
 .text.cleanup_stdio
                0x000011b8       0x40 C:/PROGRA~2/ARMGNU~1/13C7F1~1.2RE/bin/../lib/gcc/arm-none-eabi/13.2.1/thumb/v7-m/nofp\libc_nano.a(libc_a-findfp.o)
 .text.global_stdio_init.part.0
                0x000011f8       0x3c C:/PROGRA~2/ARMGNU~1/13C7F1~1.2RE/bin/../lib/gcc/arm-none-eabi/13.2.1/thumb/v7-m/nofp\libc_nano.a(libc_a-findfp.o)
 .text.__sfp_lock_acquire
                0x00001234        0xc C:/PROGRA~2/ARMGNU~1/13C7F1~1.2RE/bin/../lib/gcc/arm-none-eabi/13.2.1/thumb/v7-m/nofp\libc_nano.a(libc_a-findfp.o)
                0x00001234                __sfp_lock_acquire
 .text.__sfp_lock_release
                0x00001240        0xc C:/PROGRA~2/ARMGNU~1/13C7F1~1.2RE/bin/../lib/gcc/arm-none-eabi/13.2.1/thumb/v7-m/nofp\libc_nano.a(libc_a-findfp.o)
                0x00001240                __sfp_lock_release
 .text.__sinit  0x0000124c       0x30 C:/PROGRA~2/ARMGNU~1/13C7F1~1.2RE/bin/../lib/gcc/arm-none-eabi/13.2.1/thumb/v7-m/nofp\libc_nano.a(libc_a-findfp.o)
                0x0000124c                __sinit
 .text._fwalk_sglue
                0x0000127c       0x3c C:/PROGRA~2/ARMGNU~1/13C7F1~1.2RE/bin/../lib/gcc/arm-none-eabi/13.2.1/thumb/v7-m/nofp\libc_nano.a(libc_a-fwalk.o)
                0x0000127c                _fwalk_sglue
 .text._puts_r  0x000012b8       0xaa C:/PROGRA~2/ARMGNU~1/13C7F1~1.2RE/bin/../lib/gcc/arm-none-eabi/13.2.1/thumb/v7-m/nofp\libc_nano.a(libc_a-puts.o)
                0x000012b8                _puts_r
 *fill*         0x00001362        0x2 
 .text.puts     0x00001364       0x10 C:/PROGRA~2/ARMGNU~1/13C7F1~1.2RE/bin/../lib/gcc/arm-none-eabi/13.2.1/thumb/v7-m/nofp\libc_nano.a(libc_a-puts.o)
                0x00001364                puts
 .text.__sread  0x00001374       0x22 C:/PROGRA~2/ARMGNU~1/13C7F1~1.2RE/bin/../lib/gcc/arm-none-eabi/13.2.1/thumb/v7-m/nofp\libc_nano.a(libc_a-stdio.o)
                0x00001374                __sread
 .text.__swrite
                0x00001396       0x38 C:/PROGRA~2/ARMGNU~1/13C7F1~1.2RE/bin/../lib/gcc/arm-none-eabi/13.2.1/thumb/v7-m/nofp\libc_nano.a(libc_a-stdio.o)
                0x00001396                __swrite
 .text.__sseek  0x000013ce       0x24 C:/PROGRA~2/ARMGNU~1/13C7F1~1.2RE/bin/../lib/gcc/arm-none-eabi/13.2.1/thumb/v7-m/nofp\libc_nano.a(libc_a-stdio.o)
                0x000013ce                __sseek
 .text.__sclose
                0x000013f2        0x8 C:/PROGRA~2/ARMGNU~1/13C7F1~1.2RE/bin/../lib/gcc/arm-none-eabi/13.2.1/thumb/v7-m/nofp\libc_nano.a(libc_a-stdio.o)
                0x000013f2                __sclose
 .text.__swbuf_r
                0x000013fa       0x7c C:/PROGRA~2/ARMGNU~1/13C7F1~1.2RE/bin/../lib/gcc/arm-none-eabi/13.2.1/thumb/v7-m/nofp\libc_nano.a(libc_a-wbuf.o)
                0x000013fa                __swbuf_r
 *fill*         0x00001476        0x2 
 .text.__swsetup_r
                0x00001478       0xac C:/PROGRA~2/ARMGNU~1/13C7F1~1.2RE/bin/../lib/gcc/arm-none-eabi/13.2.1/thumb/v7-m/nofp\libc_nano.a(libc_a-wsetup.o)
                0x00001478                __swsetup_r
 .text.memset   0x00001524       0x10 C:/PROGRA~2/ARMGNU~1/13C7F1~1.2RE/bin/../lib/gcc/arm-none-eabi/13.2.1/thumb/v7-m/nofp\libc_nano.a(libc_a-memset.o)
                0x00001524                memset
 .text._raise_r
                0x00001534       0x50 C:/PROGRA~2/ARMGNU~1/13C7F1~1.2RE/bin/../lib/gcc/arm-none-eabi/13.2.1/thumb/v7-m/nofp\libc_nano.a(libc_a-signal.o)
                0x00001534                _raise_r
 .text.raise    0x00001584       0x10 C:/PROGRA~2/ARMGNU~1/13C7F1~1.2RE/bin/../lib/gcc/arm-none-eabi/13.2.1/thumb/v7-m/nofp\libc_nano.a(libc_a-signal.o)
                0x00001584                raise
 .text._close_r
                0x00001594       0x20 C:/PROGRA~2/ARMGNU~1/13C7F1~1.2RE/bin/../lib/gcc/arm-none-eabi/13.2.1/thumb/v7-m/nofp\libc_nano.a(libc_a-closer.o)
                0x00001594                _close_r
 .text._lseek_r
                0x000015b4       0x24 C:/PROGRA~2/ARMGNU~1/13C7F1~1.2RE/bin/../lib/gcc/arm-none-eabi/13.2.1/thumb/v7-m/nofp\libc_nano.a(libc_a-lseekr.o)
                0x000015b4                _lseek_r
 .text._read_r  0x000015d8       0x24 C:/PROGRA~2/ARMGNU~1/13C7F1~1.2RE/bin/../lib/gcc/arm-none-eabi/13.2.1/thumb/v7-m/nofp\libc_nano.a(libc_a-readr.o)
                0x000015d8                _read_r
 .text._kill_r  0x000015fc       0x24 C:/PROGRA~2/ARMGNU~1/13C7F1~1.2RE/bin/../lib/gcc/arm-none-eabi/13.2.1/thumb/v7-m/nofp\libc_nano.a(libc_a-signalr.o)
                0x000015fc                _kill_r
 .text._getpid_r
                0x00001620        0x4 C:/PROGRA~2/ARMGNU~1/13C7F1~1.2RE/bin/../lib/gcc/arm-none-eabi/13.2.1/thumb/v7-m/nofp\libc_nano.a(libc_a-signalr.o)
                0x00001620                _getpid_r
 .text._write_r
                0x00001624       0x24 C:/PROGRA~2/ARMGNU~1/13C7F1~1.2RE/bin/../lib/gcc/arm-none-eabi/13.2.1/thumb/v7-m/nofp\libc_nano.a(libc_a-writer.o)
                0x00001624                _write_r
 .text.__libc_init_array
                0x00001648       0x48 C:/PROGRA~2/ARMGNU~1/13C7F1~1.2RE/bin/../lib/gcc/arm-none-eabi/13.2.1/thumb/v7-m/nofp\libc_nano.a(libc_a-init.o)
                0x00001648                __libc_init_array
 .text.__retarget_lock_init_recursive
                0x00001690        0x2 C:/PROGRA~2/ARMGNU~1/13C7F1~1.2RE/bin/../lib/gcc/arm-none-eabi/13.2.1/thumb/v7-m/nofp\libc_nano.a(libc_a-lock.o)
                0x00001690                __retarget_lock_init_recursive
 .text.__retarget_lock_acquire_recursive
                0x00001692        0x2 C:/PROGRA~2/ARMGNU~1/13C7F1~1.2RE/bin/../lib/gcc/arm-none-eabi/13.2.1/thumb/v7-m/nofp\libc_nano.a(libc_a-lock.o)
                0x00001692                __retarget_lock_acquire_recursive
 .text.__retarget_lock_release_recursive
                0x00001694        0x2 C:/PROGRA~2/ARMGNU~1/13C7F1~1.2RE/bin/../lib/gcc/arm-none-eabi/13.2.1/thumb/v7-m/nofp\libc_nano.a(libc_a-lock.o)
                0x00001694                __retarget_lock_release_recursive
 .text.memcpy   0x00001696       0x1c C:/PROGRA~2/ARMGNU~1/13C7F1~1.2RE/bin/../lib/gcc/arm-none-eabi/13.2.1/thumb/v7-m/nofp\libc_nano.a(libc_a-memcpy-stub.o)
                0x00001696                memcpy
 *fill*         0x000016b2        0x2 
 .text._free_r  0x000016b4       0x90 C:/PROGRA~2/ARMGNU~1/13C7F1~1.2RE/bin/../lib/gcc/arm-none-eabi/13.2.1/thumb/v7-m/nofp\libc_nano.a(libc_a-freer.o)
                0x000016b4                _free_r
 .text.sbrk_aligned
                0x00001744       0x44 C:/PROGRA~2/ARMGNU~1/13C7F1~1.2RE/bin/../lib/gcc/arm-none-eabi/13.2.1/thumb/v7-m/nofp\libc_nano.a(libc_a-mallocr.o)
 .text._malloc_r
                0x00001788      0x100 C:/PROGRA~2/ARMGNU~1/13C7F1~1.2RE/bin/../lib/gcc/arm-none-eabi/13.2.1/thumb/v7-m/nofp\libc_nano.a(libc_a-mallocr.o)
                0x00001788                _malloc_r
 .text.__malloc_lock
                0x00001888        0xc C:/PROGRA~2/ARMGNU~1/13C7F1~1.2RE/bin/../lib/gcc/arm-none-eabi/13.2.1/thumb/v7-m/nofp\libc_nano.a(libc_a-mlock.o)
                0x00001888                __malloc_lock
 .text.__malloc_unlock
                0x00001894        0xc C:/PROGRA~2/ARMGNU~1/13C7F1~1.2RE/bin/../lib/gcc/arm-none-eabi/13.2.1/thumb/v7-m/nofp\libc_nano.a(libc_a-mlock.o)
                0x00001894                __malloc_unlock
 .text.__sflush_r
                0x000018a0      0x100 C:/PROGRA~2/ARMGNU~1/13C7F1~1.2RE/bin/../lib/gcc/arm-none-eabi/13.2.1/thumb/v7-m/nofp\libc_nano.a(libc_a-fflush.o)
                0x000018a0                __sflush_r
 .text._fflush_r
                0x000019a0       0x50 C:/PROGRA~2/ARMGNU~1/13C7F1~1.2RE/bin/../lib/gcc/arm-none-eabi/13.2.1/thumb/v7-m/nofp\libc_nano.a(libc_a-fflush.o)
                0x000019a0                _fflush_r
 .text.__swhatbuf_r
                0x000019f0       0x4a C:/PROGRA~2/ARMGNU~1/13C7F1~1.2RE/bin/../lib/gcc/arm-none-eabi/13.2.1/thumb/v7-m/nofp\libc_nano.a(libc_a-makebuf.o)
                0x000019f0                __swhatbuf_r
 .text.__smakebuf_r
                0x00001a3a       0x78 C:/PROGRA~2/ARMGNU~1/13C7F1~1.2RE/bin/../lib/gcc/arm-none-eabi/13.2.1/thumb/v7-m/nofp\libc_nano.a(libc_a-makebuf.o)
                0x00001a3a                __smakebuf_r
 *fill*         0x00001ab2        0x2 
 .text._fstat_r
                0x00001ab4       0x24 C:/PROGRA~2/ARMGNU~1/13C7F1~1.2RE/bin/../lib/gcc/arm-none-eabi/13.2.1/thumb/v7-m/nofp\libc_nano.a(libc_a-fstatr.o)
                0x00001ab4                _fstat_r
 .text._isatty_r
                0x00001ad8       0x20 C:/PROGRA~2/ARMGNU~1/13C7F1~1.2RE/bin/../lib/gcc/arm-none-eabi/13.2.1/thumb/v7-m/nofp\libc_nano.a(libc_a-isattyr.o)
                0x00001ad8                _isatty_r
 .text._sbrk_r  0x00001af8       0x20 C:/PROGRA~2/ARMGNU~1/13C7F1~1.2RE/bin/../lib/gcc/arm-none-eabi/13.2.1/thumb/v7-m/nofp\libc_nano.a(libc_a-sbrkr.o)
                0x00001af8                _sbrk_r
 .text._close   0x00001b18       0x10 C:/PROGRA~2/ARMGNU~1/13C7F1~1.2RE/bin/../lib/gcc/arm-none-eabi/13.2.1/thumb/v7-m/nofp\libnosys.a(close.o)
                0x00001b18                _close
 .text._fstat   0x00001b28       0x10 C:/PROGRA~2/ARMGNU~1/13C7F1~1.2RE/bin/../lib/gcc/arm-none-eabi/13.2.1/thumb/v7-m/nofp\libnosys.a(fstat.o)
                0x00001b28                _fstat
 .text._getpid  0x00001b38       0x10 C:/PROGRA~2/ARMGNU~1/13C7F1~1.2RE/bin/../lib/gcc/arm-none-eabi/13.2.1/thumb/v7-m/nofp\libnosys.a(getpid.o)
                0x00001b38                _getpid
 .text._isatty  0x00001b48       0x10 C:/PROGRA~2/ARMGNU~1/13C7F1~1.2RE/bin/../lib/gcc/arm-none-eabi/13.2.1/thumb/v7-m/nofp\libnosys.a(isatty.o)
                0x00001b48                _isatty
 .text._kill    0x00001b58       0x10 C:/PROGRA~2/ARMGNU~1/13C7F1~1.2RE/bin/../lib/gcc/arm-none-eabi/13.2.1/thumb/v7-m/nofp\libnosys.a(kill.o)
                0x00001b58                _kill
 .text._lseek   0x00001b68       0x10 C:/PROGRA~2/ARMGNU~1/13C7F1~1.2RE/bin/../lib/gcc/arm-none-eabi/13.2.1/thumb/v7-m/nofp\libnosys.a(lseek.o)
                0x00001b68                _lseek
 .text._read    0x00001b78       0x10 C:/PROGRA~2/ARMGNU~1/13C7F1~1.2RE/bin/../lib/gcc/arm-none-eabi/13.2.1/thumb/v7-m/nofp\libnosys.a(read.o)
                0x00001b78                _read
 .text._sbrk    0x00001b88       0x1c C:/PROGRA~2/ARMGNU~1/13C7F1~1.2RE/bin/../lib/gcc/arm-none-eabi/13.2.1/thumb/v7-m/nofp\libnosys.a(sbrk.o)
                0x00001b88                _sbrk
 .text._write   0x00001ba4       0x10 C:/PROGRA~2/ARMGNU~1/13C7F1~1.2RE/bin/../lib/gcc/arm-none-eabi/13.2.1/thumb/v7-m/nofp\libnosys.a(write.o)
                0x00001ba4                _write
 .text._exit    0x00001bb4        0x4 C:/PROGRA~2/ARMGNU~1/13C7F1~1.2RE/bin/../lib/gcc/arm-none-eabi/13.2.1/thumb/v7-m/nofp\libnosys.a(_exit.o)
                0x00001bb4                _exit
 *(.init)
 .init          0x00001bb8        0x4 C:/PROGRA~2/ARMGNU~1/13C7F1~1.2RE/bin/../lib/gcc/arm-none-eabi/13.2.1/thumb/v7-m/nofp/crti.o
                0x00001bb8                _init
 .init          0x00001bbc        0x8 C:/PROGRA~2/ARMGNU~1/13C7F1~1.2RE/bin/../lib/gcc/arm-none-eabi/13.2.1/thumb/v7-m/nofp/crtn.o
 *(.fini)
 .fini          0x00001bc4        0x4 C:/PROGRA~2/ARMGNU~1/13C7F1~1.2RE/bin/../lib/gcc/arm-none-eabi/13.2.1/thumb/v7-m/nofp/crti.o
                0x00001bc4                _fini
 .fini          0x00001bc8        0x8 C:/PROGRA~2/ARMGNU~1/13C7F1~1.2RE/bin/../lib/gcc/arm-none-eabi/13.2.1/thumb/v7-m/nofp/crtn.o
 *crtbegin.o(.ctors)
 *crtbegin?.o(.ctors)
 *(EXCLUDE_FILE(*crtend.o *crtend?.o) .ctors)
 *(SORT_BY_NAME(.ctors.*))
 *(.ctors)
 *crtbegin.o(.dtors)
 *crtbegin?.o(.dtors)
 *(EXCLUDE_FILE(*crtend.o *crtend?.o) .dtors)
 *(SORT_BY_NAME(.dtors.*))
 *(.dtors)
 *(.rodata*)
 .rodata        0x00001bd0        0xd CMakeFiles/Group_Source_Files.dir/D_/Test/gdb_invalid_source_line/test/test.c.obj
 *(.eh_frame*)
 *fill*         0x00001bdd        0x3 
 .eh_frame      0x00001be0        0x0 C:/PROGRA~2/ARMGNU~1/13C7F1~1.2RE/bin/../lib/gcc/arm-none-eabi/13.2.1/thumb/v7-m/nofp/crtbegin.o
 .eh_frame      0x00001be0        0x4 C:/PROGRA~2/ARMGNU~1/13C7F1~1.2RE/bin/../lib/gcc/arm-none-eabi/13.2.1/thumb/v7-m/nofp/crtend.o

.glue_7         0x00001be4        0x0
 .glue_7        0x00001be4        0x0 linker stubs

.glue_7t        0x00001be4        0x0
 .glue_7t       0x00001be4        0x0 linker stubs

.vfp11_veneer   0x00001be4        0x0
 .vfp11_veneer  0x00001be4        0x0 linker stubs

.v4_bx          0x00001be4        0x0
 .v4_bx         0x00001be4        0x0 linker stubs

.iplt           0x00001be4        0x0
 .iplt          0x00001be4        0x0 C:/PROGRA~2/ARMGNU~1/13C7F1~1.2RE/bin/../lib/gcc/arm-none-eabi/13.2.1/thumb/v7-m/nofp/crtbegin.o

.ARM.extab
 *(.ARM.extab* .gnu.linkonce.armextab.*)
                0x00001be4                        __exidx_start = .

.ARM.exidx      0x00001be4       0x98
 *(.ARM.exidx* .gnu.linkonce.armexidx.*)
 .ARM.exidx     0x00001be4        0x8 C:/PROGRA~2/ARMGNU~1/13C7F1~1.2RE/bin/../lib/gcc/arm-none-eabi/13.2.1/thumb/v7-m/nofp/crt0.o
                                 0x10 (size before relaxing)
 .ARM.exidx     0x00001bec       0x10 CMakeFiles/Group_Source_Files.dir/D_/Test/gdb_invalid_source_line/test/startup.S.obj
                                 0x18 (size before relaxing)
 .ARM.exidx.text.selfrel_offset31
                0x00001bfc        0x0 C:/PROGRA~2/ARMGNU~1/13C7F1~1.2RE/bin/../lib/gcc/arm-none-eabi/13.2.1/thumb/v7-m/nofp\libgcc.a(unwind-arm.o)
                                  0x8 (size before relaxing)
 .ARM.exidx.text.search_EIT_table
                0x00001bfc        0x0 C:/PROGRA~2/ARMGNU~1/13C7F1~1.2RE/bin/../lib/gcc/arm-none-eabi/13.2.1/thumb/v7-m/nofp\libgcc.a(unwind-arm.o)
                                  0x8 (size before relaxing)
 .ARM.exidx.text.__gnu_unwind_get_pr_addr
                0x00001bfc        0x0 C:/PROGRA~2/ARMGNU~1/13C7F1~1.2RE/bin/../lib/gcc/arm-none-eabi/13.2.1/thumb/v7-m/nofp\libgcc.a(unwind-arm.o)
                                  0x8 (size before relaxing)
 .ARM.exidx.text.get_eit_entry
                0x00001bfc        0x8 C:/PROGRA~2/ARMGNU~1/13C7F1~1.2RE/bin/../lib/gcc/arm-none-eabi/13.2.1/thumb/v7-m/nofp\libgcc.a(unwind-arm.o)
 .ARM.exidx.text.restore_non_core_regs
                0x00001c04        0x8 C:/PROGRA~2/ARMGNU~1/13C7F1~1.2RE/bin/../lib/gcc/arm-none-eabi/13.2.1/thumb/v7-m/nofp\libgcc.a(unwind-arm.o)
 .ARM.exidx.text._Unwind_decode_typeinfo_ptr.constprop.0
                0x00001c0c        0x8 C:/PROGRA~2/ARMGNU~1/13C7F1~1.2RE/bin/../lib/gcc/arm-none-eabi/13.2.1/thumb/v7-m/nofp\libgcc.a(unwind-arm.o)
 .ARM.exidx.text._Unwind_DebugHook
                0x00001c14        0x0 C:/PROGRA~2/ARMGNU~1/13C7F1~1.2RE/bin/../lib/gcc/arm-none-eabi/13.2.1/thumb/v7-m/nofp\libgcc.a(unwind-arm.o)
                                  0x8 (size before relaxing)
 .ARM.exidx.text.unwind_phase2
                0x00001c14        0x8 C:/PROGRA~2/ARMGNU~1/13C7F1~1.2RE/bin/../lib/gcc/arm-none-eabi/13.2.1/thumb/v7-m/nofp\libgcc.a(unwind-arm.o)
 .ARM.exidx.text.unwind_phase2_forced
                0x00001c1c        0x8 C:/PROGRA~2/ARMGNU~1/13C7F1~1.2RE/bin/../lib/gcc/arm-none-eabi/13.2.1/thumb/v7-m/nofp\libgcc.a(unwind-arm.o)
 .ARM.exidx.text.__gnu_Unwind_RaiseException
                0x00001c24        0x8 C:/PROGRA~2/ARMGNU~1/13C7F1~1.2RE/bin/../lib/gcc/arm-none-eabi/13.2.1/thumb/v7-m/nofp\libgcc.a(unwind-arm.o)
 .ARM.exidx.text.__gnu_Unwind_ForcedUnwind
                0x00001c2c        0x8 C:/PROGRA~2/ARMGNU~1/13C7F1~1.2RE/bin/../lib/gcc/arm-none-eabi/13.2.1/thumb/v7-m/nofp\libgcc.a(unwind-arm.o)
 .ARM.exidx.text.__gnu_Unwind_Resume
                0x00001c34        0x8 C:/PROGRA~2/ARMGNU~1/13C7F1~1.2RE/bin/../lib/gcc/arm-none-eabi/13.2.1/thumb/v7-m/nofp\libgcc.a(unwind-arm.o)
 .ARM.exidx.text.__gnu_Unwind_Resume_or_Rethrow
                0x00001c3c        0x8 C:/PROGRA~2/ARMGNU~1/13C7F1~1.2RE/bin/../lib/gcc/arm-none-eabi/13.2.1/thumb/v7-m/nofp\libgcc.a(unwind-arm.o)
 .ARM.exidx.text._Unwind_VRS_Get
                0x00001c44        0x0 C:/PROGRA~2/ARMGNU~1/13C7F1~1.2RE/bin/../lib/gcc/arm-none-eabi/13.2.1/thumb/v7-m/nofp\libgcc.a(unwind-arm.o)
                                  0x8 (size before relaxing)
 .ARM.exidx.text._Unwind_GetGR
                0x00001c44        0x0 C:/PROGRA~2/ARMGNU~1/13C7F1~1.2RE/bin/../lib/gcc/arm-none-eabi/13.2.1/thumb/v7-m/nofp\libgcc.a(unwind-arm.o)
                                  0x8 (size before relaxing)
 .ARM.exidx.text._Unwind_VRS_Set
                0x00001c44        0x0 C:/PROGRA~2/ARMGNU~1/13C7F1~1.2RE/bin/../lib/gcc/arm-none-eabi/13.2.1/thumb/v7-m/nofp\libgcc.a(unwind-arm.o)
                                  0x8 (size before relaxing)
 .ARM.exidx.text._Unwind_SetGR
                0x00001c44        0x0 C:/PROGRA~2/ARMGNU~1/13C7F1~1.2RE/bin/../lib/gcc/arm-none-eabi/13.2.1/thumb/v7-m/nofp\libgcc.a(unwind-arm.o)
                                  0x8 (size before relaxing)
 .ARM.exidx.text.__gnu_Unwind_Backtrace
                0x00001c44        0x8 C:/PROGRA~2/ARMGNU~1/13C7F1~1.2RE/bin/../lib/gcc/arm-none-eabi/13.2.1/thumb/v7-m/nofp\libgcc.a(unwind-arm.o)
 .ARM.exidx.text.__gnu_unwind_pr_common
                0x00001c4c        0x8 C:/PROGRA~2/ARMGNU~1/13C7F1~1.2RE/bin/../lib/gcc/arm-none-eabi/13.2.1/thumb/v7-m/nofp\libgcc.a(unwind-arm.o)
 .ARM.exidx.text.__aeabi_unwind_cpp_pr0
                0x00001c54        0x8 C:/PROGRA~2/ARMGNU~1/13C7F1~1.2RE/bin/../lib/gcc/arm-none-eabi/13.2.1/thumb/v7-m/nofp\libgcc.a(unwind-arm.o)
 .ARM.exidx.text.__aeabi_unwind_cpp_pr1
                0x00001c5c        0x0 C:/PROGRA~2/ARMGNU~1/13C7F1~1.2RE/bin/../lib/gcc/arm-none-eabi/13.2.1/thumb/v7-m/nofp\libgcc.a(unwind-arm.o)
                                  0x8 (size before relaxing)
 .ARM.exidx.text.__aeabi_unwind_cpp_pr2
                0x00001c5c        0x0 C:/PROGRA~2/ARMGNU~1/13C7F1~1.2RE/bin/../lib/gcc/arm-none-eabi/13.2.1/thumb/v7-m/nofp\libgcc.a(unwind-arm.o)
                                  0x8 (size before relaxing)
 .ARM.exidx.text._Unwind_VRS_Pop
                0x00001c5c       0x10 C:/PROGRA~2/ARMGNU~1/13C7F1~1.2RE/bin/../lib/gcc/arm-none-eabi/13.2.1/thumb/v7-m/nofp\libgcc.a(unwind-arm.o)
                                  0x8 (size before relaxing)
 .ARM.exidx.text.next_unwind_byte
                0x00001c6c        0x0 C:/PROGRA~2/ARMGNU~1/13C7F1~1.2RE/bin/../lib/gcc/arm-none-eabi/13.2.1/thumb/v7-m/nofp\libgcc.a(pr-support.o)
                                  0x8 (size before relaxing)
 .ARM.exidx.text.__gnu_unwind_execute
                0x00001c6c       0x10 C:/PROGRA~2/ARMGNU~1/13C7F1~1.2RE/bin/../lib/gcc/arm-none-eabi/13.2.1/thumb/v7-m/nofp\libgcc.a(pr-support.o)
                                  0x8 (size before relaxing)
                0x00001c7c                        __exidx_end = .

.rel.dyn        0x00001c7c        0x0
 .rel.iplt      0x00001c7c        0x0 C:/PROGRA~2/ARMGNU~1/13C7F1~1.2RE/bin/../lib/gcc/arm-none-eabi/13.2.1/thumb/v7-m/nofp/crtbegin.o

.copy.table     0x00001c7c        0xc
                0x00001c7c                        . = ALIGN (0x4)
                0x00001c7c                        __copy_table_start__ = .
                0x00001c7c        0x4 LONG 0x1c88 __etext
                0x00001c80        0x4 LONG 0x20000000 __data_start__
                0x00001c84        0x4 LONG 0x19 ((__data_end__ - __data_start__) / 0x4)
                0x00001c88                        __copy_table_end__ = .

.zero.table     0x00001c88        0x0
                0x00001c88                        . = ALIGN (0x4)
                0x00001c88                        __zero_table_start__ = .
                0x00001c88                        __zero_table_end__ = .
                0x00001c88                        __etext = ALIGN (0x4)

.data           0x20000000       0x64 load address 0x00001c88
                0x20000000                        __data_start__ = .
 *(vtable)
 *(.data)
 *(.data.*)
 .data.__sglue  0x20000000        0xc C:/PROGRA~2/ARMGNU~1/13C7F1~1.2RE/bin/../lib/gcc/arm-none-eabi/13.2.1/thumb/v7-m/nofp\libc_nano.a(libc_a-findfp.o)
                0x20000000                __sglue
 .data._impure_ptr
                0x2000000c        0x4 C:/PROGRA~2/ARMGNU~1/13C7F1~1.2RE/bin/../lib/gcc/arm-none-eabi/13.2.1/thumb/v7-m/nofp\libc_nano.a(libc_a-impure.o)
                0x2000000c                _impure_ptr
 .data._impure_data
                0x20000010       0x4c C:/PROGRA~2/ARMGNU~1/13C7F1~1.2RE/bin/../lib/gcc/arm-none-eabi/13.2.1/thumb/v7-m/nofp\libc_nano.a(libc_a-impure.o)
                0x20000010                _impure_data
                0x2000005c                        . = ALIGN (0x4)
                0x2000005c                        PROVIDE (__preinit_array_start = .)
 *(.preinit_array)
                0x2000005c                        PROVIDE (__preinit_array_end = .)
                0x2000005c                        . = ALIGN (0x4)
                0x2000005c                        PROVIDE (__init_array_start = .)
 *(SORT_BY_NAME(.init_array.*))
 *(.init_array)
 .init_array    0x2000005c        0x4 C:/PROGRA~2/ARMGNU~1/13C7F1~1.2RE/bin/../lib/gcc/arm-none-eabi/13.2.1/thumb/v7-m/nofp/crtbegin.o
                0x20000060                        PROVIDE (__init_array_end = .)
                0x20000060                        . = ALIGN (0x4)
                [!provide]                        PROVIDE (__fini_array_start = .)
 *(SORT_BY_NAME(.fini_array.*))
 *(.fini_array)
 .fini_array    0x20000060        0x4 C:/PROGRA~2/ARMGNU~1/13C7F1~1.2RE/bin/../lib/gcc/arm-none-eabi/13.2.1/thumb/v7-m/nofp/crtbegin.o
                [!provide]                        PROVIDE (__fini_array_end = .)
 *(.jcr*)
                0x20000064                        . = ALIGN (0x4)
                0x20000064                        __data_end__ = .

.tm_clone_table
                0x20000064        0x0 load address 0x00001cec
 .tm_clone_table
                0x20000064        0x0 C:/PROGRA~2/ARMGNU~1/13C7F1~1.2RE/bin/../lib/gcc/arm-none-eabi/13.2.1/thumb/v7-m/nofp/crtbegin.o
 .tm_clone_table
                0x20000064        0x0 C:/PROGRA~2/ARMGNU~1/13C7F1~1.2RE/bin/../lib/gcc/arm-none-eabi/13.2.1/thumb/v7-m/nofp/crtend.o

.igot.plt       0x20000064        0x0 load address 0x00001cec
 .igot.plt      0x20000064        0x0 C:/PROGRA~2/ARMGNU~1/13C7F1~1.2RE/bin/../lib/gcc/arm-none-eabi/13.2.1/thumb/v7-m/nofp/crtbegin.o

.bss            0x20000064      0x16c
                0x20000064                        . = ALIGN (0x4)
                0x20000064                        __bss_start__ = .
 *(.bss)
 *(.bss.*)
 .bss.completed.1
                0x20000064        0x1 C:/PROGRA~2/ARMGNU~1/13C7F1~1.2RE/bin/../lib/gcc/arm-none-eabi/13.2.1/thumb/v7-m/nofp/crtbegin.o
 *fill*         0x20000065        0x3 
 .bss.object.0  0x20000068       0x18 C:/PROGRA~2/ARMGNU~1/13C7F1~1.2RE/bin/../lib/gcc/arm-none-eabi/13.2.1/thumb/v7-m/nofp/crtbegin.o
 .bss.__sf      0x20000080      0x138 C:/PROGRA~2/ARMGNU~1/13C7F1~1.2RE/bin/../lib/gcc/arm-none-eabi/13.2.1/thumb/v7-m/nofp\libc_nano.a(libc_a-findfp.o)
                0x20000080                __sf
 .bss.__stdio_exit_handler
                0x200001b8        0x4 C:/PROGRA~2/ARMGNU~1/13C7F1~1.2RE/bin/../lib/gcc/arm-none-eabi/13.2.1/thumb/v7-m/nofp\libc_nano.a(libc_a-findfp.o)
                0x200001b8                __stdio_exit_handler
 .bss.errno     0x200001bc        0x4 C:/PROGRA~2/ARMGNU~1/13C7F1~1.2RE/bin/../lib/gcc/arm-none-eabi/13.2.1/thumb/v7-m/nofp\libc_nano.a(libc_a-reent.o)
                0x200001bc                errno
 .bss.__lock___malloc_recursive_mutex
                0x200001c0        0x1 C:/PROGRA~2/ARMGNU~1/13C7F1~1.2RE/bin/../lib/gcc/arm-none-eabi/13.2.1/thumb/v7-m/nofp\libc_nano.a(libc_a-lock.o)
                0x200001c0                __lock___malloc_recursive_mutex
 .bss.__lock___sfp_recursive_mutex
                0x200001c1        0x1 C:/PROGRA~2/ARMGNU~1/13C7F1~1.2RE/bin/../lib/gcc/arm-none-eabi/13.2.1/thumb/v7-m/nofp\libc_nano.a(libc_a-lock.o)
                0x200001c1                __lock___sfp_recursive_mutex
 *fill*         0x200001c2        0x2 
 .bss.__malloc_sbrk_start
                0x200001c4        0x4 C:/PROGRA~2/ARMGNU~1/13C7F1~1.2RE/bin/../lib/gcc/arm-none-eabi/13.2.1/thumb/v7-m/nofp\libc_nano.a(libc_a-mallocr.o)
                0x200001c4                __malloc_sbrk_start
 .bss.__malloc_free_list
                0x200001c8        0x4 C:/PROGRA~2/ARMGNU~1/13C7F1~1.2RE/bin/../lib/gcc/arm-none-eabi/13.2.1/thumb/v7-m/nofp\libc_nano.a(libc_a-mallocr.o)
                0x200001c8                __malloc_free_list
 .bss.heap_end.0
                0x200001cc        0x4 C:/PROGRA~2/ARMGNU~1/13C7F1~1.2RE/bin/../lib/gcc/arm-none-eabi/13.2.1/thumb/v7-m/nofp\libnosys.a(sbrk.o)
 *(COMMON)
                0x200001d0                        . = ALIGN (0x4)
                0x200001d0                        __bss_end__ = .

.heap           0x200001d0      0xc00
                0x200001d0                        . = ALIGN (0x8)
                0x200001d0                        __end__ = .
                0x200001d0                        PROVIDE (end = .)
                0x20000dd0                        . = (. + __HEAP_SIZE)
 *fill*         0x200001d0      0xc00 
                0x20000dd0                        . = ALIGN (0x8)
                0x20000dd0                        __HeapLimit = .

.stack          0x2001fc00      0x400
                0x2001fc00                        . = ALIGN (0x8)
                0x2001fc00                        __StackLimit = .
                0x20020000                        . = (. + __STACK_SIZE)
 *fill*         0x2001fc00      0x400 
                0x20020000                        . = ALIGN (0x8)
                0x20020000                        __StackTop = .
                0x20020000                        PROVIDE (__stack = __StackTop)
                0x00000001                        ASSERT ((__StackLimit >= __HeapLimit), region RAM overflowed with stack)
OUTPUT(D:\Test\gdb_invalid_source_line\out\test\ARMCM3\Debug\test.elf elf32-littlearm)
LOAD linker stubs

.ARM.attributes
                0x00000000       0x29
 .ARM.attributes
                0x00000000       0x1d C:/PROGRA~2/ARMGNU~1/13C7F1~1.2RE/bin/../lib/gcc/arm-none-eabi/13.2.1/thumb/v7-m/nofp/crti.o
 .ARM.attributes
                0x0000001d       0x2d C:/PROGRA~2/ARMGNU~1/13C7F1~1.2RE/bin/../lib/gcc/arm-none-eabi/13.2.1/thumb/v7-m/nofp/crtbegin.o
 .ARM.attributes
                0x0000004a       0x1b C:/PROGRA~2/ARMGNU~1/13C7F1~1.2RE/bin/../lib/gcc/arm-none-eabi/13.2.1/thumb/v7-m/nofp/crt0.o
 .ARM.attributes
                0x00000065       0x1b CMakeFiles/Group_Source_Files.dir/D_/Test/gdb_invalid_source_line/test/startup.S.obj
 .ARM.attributes
                0x00000080       0x2d CMakeFiles/Group_Source_Files.dir/D_/Test/gdb_invalid_source_line/test/system.c.obj
 .ARM.attributes
                0x000000ad       0x2d CMakeFiles/Group_Source_Files.dir/D_/Test/gdb_invalid_source_line/test/main.c.obj
 .ARM.attributes
                0x000000da       0x2d CMakeFiles/Group_Source_Files.dir/D_/Test/gdb_invalid_source_line/test/test.c.obj
 .ARM.attributes
                0x00000107       0x2d C:/PROGRA~2/ARMGNU~1/13C7F1~1.2RE/bin/../lib/gcc/arm-none-eabi/13.2.1/thumb/v7-m/nofp\libgcc.a(unwind-arm.o)
 .ARM.attributes
                0x00000134       0x1d C:/PROGRA~2/ARMGNU~1/13C7F1~1.2RE/bin/../lib/gcc/arm-none-eabi/13.2.1/thumb/v7-m/nofp\libgcc.a(libunwind.o)
 .ARM.attributes
                0x00000151       0x2d C:/PROGRA~2/ARMGNU~1/13C7F1~1.2RE/bin/../lib/gcc/arm-none-eabi/13.2.1/thumb/v7-m/nofp\libgcc.a(pr-support.o)
 .ARM.attributes
                0x0000017e       0x2d C:/PROGRA~2/ARMGNU~1/13C7F1~1.2RE/bin/../lib/gcc/arm-none-eabi/13.2.1/thumb/v7-m/nofp\libc_nano.a(libc_a-abort.o)
 .ARM.attributes
                0x000001ab       0x2d C:/PROGRA~2/ARMGNU~1/13C7F1~1.2RE/bin/../lib/gcc/arm-none-eabi/13.2.1/thumb/v7-m/nofp\libc_nano.a(libc_a-exit.o)
 .ARM.attributes
                0x000001d8       0x2d C:/PROGRA~2/ARMGNU~1/13C7F1~1.2RE/bin/../lib/gcc/arm-none-eabi/13.2.1/thumb/v7-m/nofp\libc_nano.a(libc_a-findfp.o)
 .ARM.attributes
                0x00000205       0x2d C:/PROGRA~2/ARMGNU~1/13C7F1~1.2RE/bin/../lib/gcc/arm-none-eabi/13.2.1/thumb/v7-m/nofp\libc_nano.a(libc_a-fwalk.o)
 .ARM.attributes
                0x00000232       0x2d C:/PROGRA~2/ARMGNU~1/13C7F1~1.2RE/bin/../lib/gcc/arm-none-eabi/13.2.1/thumb/v7-m/nofp\libc_nano.a(libc_a-puts.o)
 .ARM.attributes
                0x0000025f       0x2d C:/PROGRA~2/ARMGNU~1/13C7F1~1.2RE/bin/../lib/gcc/arm-none-eabi/13.2.1/thumb/v7-m/nofp\libc_nano.a(libc_a-stdio.o)
 .ARM.attributes
                0x0000028c       0x2d C:/PROGRA~2/ARMGNU~1/13C7F1~1.2RE/bin/../lib/gcc/arm-none-eabi/13.2.1/thumb/v7-m/nofp\libc_nano.a(libc_a-wbuf.o)
 .ARM.attributes
                0x000002b9       0x2d C:/PROGRA~2/ARMGNU~1/13C7F1~1.2RE/bin/../lib/gcc/arm-none-eabi/13.2.1/thumb/v7-m/nofp\libc_nano.a(libc_a-wsetup.o)
 .ARM.attributes
                0x000002e6       0x2d C:/PROGRA~2/ARMGNU~1/13C7F1~1.2RE/bin/../lib/gcc/arm-none-eabi/13.2.1/thumb/v7-m/nofp\libc_nano.a(libc_a-memset.o)
 .ARM.attributes
                0x00000313       0x2d C:/PROGRA~2/ARMGNU~1/13C7F1~1.2RE/bin/../lib/gcc/arm-none-eabi/13.2.1/thumb/v7-m/nofp\libc_nano.a(libc_a-signal.o)
 .ARM.attributes
                0x00000340       0x2d C:/PROGRA~2/ARMGNU~1/13C7F1~1.2RE/bin/../lib/gcc/arm-none-eabi/13.2.1/thumb/v7-m/nofp\libc_nano.a(libc_a-closer.o)
 .ARM.attributes
                0x0000036d       0x2d C:/PROGRA~2/ARMGNU~1/13C7F1~1.2RE/bin/../lib/gcc/arm-none-eabi/13.2.1/thumb/v7-m/nofp\libc_nano.a(libc_a-reent.o)
 .ARM.attributes
                0x0000039a       0x2d C:/PROGRA~2/ARMGNU~1/13C7F1~1.2RE/bin/../lib/gcc/arm-none-eabi/13.2.1/thumb/v7-m/nofp\libc_nano.a(libc_a-impure.o)
 .ARM.attributes
                0x000003c7       0x2d C:/PROGRA~2/ARMGNU~1/13C7F1~1.2RE/bin/../lib/gcc/arm-none-eabi/13.2.1/thumb/v7-m/nofp\libc_nano.a(libc_a-lseekr.o)
 .ARM.attributes
                0x000003f4       0x2d C:/PROGRA~2/ARMGNU~1/13C7F1~1.2RE/bin/../lib/gcc/arm-none-eabi/13.2.1/thumb/v7-m/nofp\libc_nano.a(libc_a-readr.o)
 .ARM.attributes
                0x00000421       0x2d C:/PROGRA~2/ARMGNU~1/13C7F1~1.2RE/bin/../lib/gcc/arm-none-eabi/13.2.1/thumb/v7-m/nofp\libc_nano.a(libc_a-signalr.o)
 .ARM.attributes
                0x0000044e       0x2d C:/PROGRA~2/ARMGNU~1/13C7F1~1.2RE/bin/../lib/gcc/arm-none-eabi/13.2.1/thumb/v7-m/nofp\libc_nano.a(libc_a-writer.o)
 .ARM.attributes
                0x0000047b       0x2d C:/PROGRA~2/ARMGNU~1/13C7F1~1.2RE/bin/../lib/gcc/arm-none-eabi/13.2.1/thumb/v7-m/nofp\libc_nano.a(libc_a-init.o)
 .ARM.attributes
                0x000004a8       0x2d C:/PROGRA~2/ARMGNU~1/13C7F1~1.2RE/bin/../lib/gcc/arm-none-eabi/13.2.1/thumb/v7-m/nofp\libc_nano.a(libc_a-lock.o)
 .ARM.attributes
                0x000004d5       0x2d C:/PROGRA~2/ARMGNU~1/13C7F1~1.2RE/bin/../lib/gcc/arm-none-eabi/13.2.1/thumb/v7-m/nofp\libc_nano.a(libc_a-memcpy-stub.o)
 .ARM.attributes
                0x00000502       0x2d C:/PROGRA~2/ARMGNU~1/13C7F1~1.2RE/bin/../lib/gcc/arm-none-eabi/13.2.1/thumb/v7-m/nofp\libc_nano.a(libc_a-freer.o)
 .ARM.attributes
                0x0000052f       0x2d C:/PROGRA~2/ARMGNU~1/13C7F1~1.2RE/bin/../lib/gcc/arm-none-eabi/13.2.1/thumb/v7-m/nofp\libc_nano.a(libc_a-mallocr.o)
 .ARM.attributes
                0x0000055c       0x2d C:/PROGRA~2/ARMGNU~1/13C7F1~1.2RE/bin/../lib/gcc/arm-none-eabi/13.2.1/thumb/v7-m/nofp\libc_nano.a(libc_a-mlock.o)
 .ARM.attributes
                0x00000589       0x2d C:/PROGRA~2/ARMGNU~1/13C7F1~1.2RE/bin/../lib/gcc/arm-none-eabi/13.2.1/thumb/v7-m/nofp\libc_nano.a(libc_a-fflush.o)
 .ARM.attributes
                0x000005b6       0x2d C:/PROGRA~2/ARMGNU~1/13C7F1~1.2RE/bin/../lib/gcc/arm-none-eabi/13.2.1/thumb/v7-m/nofp\libc_nano.a(libc_a-makebuf.o)
 .ARM.attributes
                0x000005e3       0x2d C:/PROGRA~2/ARMGNU~1/13C7F1~1.2RE/bin/../lib/gcc/arm-none-eabi/13.2.1/thumb/v7-m/nofp\libc_nano.a(libc_a-fstatr.o)
 .ARM.attributes
                0x00000610       0x2d C:/PROGRA~2/ARMGNU~1/13C7F1~1.2RE/bin/../lib/gcc/arm-none-eabi/13.2.1/thumb/v7-m/nofp\libc_nano.a(libc_a-isattyr.o)
 .ARM.attributes
                0x0000063d       0x2d C:/PROGRA~2/ARMGNU~1/13C7F1~1.2RE/bin/../lib/gcc/arm-none-eabi/13.2.1/thumb/v7-m/nofp\libc_nano.a(libc_a-sbrkr.o)
 .ARM.attributes
                0x0000066a       0x2d C:/PROGRA~2/ARMGNU~1/13C7F1~1.2RE/bin/../lib/gcc/arm-none-eabi/13.2.1/thumb/v7-m/nofp\libnosys.a(close.o)
 .ARM.attributes
                0x00000697       0x2d C:/PROGRA~2/ARMGNU~1/13C7F1~1.2RE/bin/../lib/gcc/arm-none-eabi/13.2.1/thumb/v7-m/nofp\libnosys.a(fstat.o)
 .ARM.attributes
                0x000006c4       0x2d C:/PROGRA~2/ARMGNU~1/13C7F1~1.2RE/bin/../lib/gcc/arm-none-eabi/13.2.1/thumb/v7-m/nofp\libnosys.a(getpid.o)
 .ARM.attributes
                0x000006f1       0x2d C:/PROGRA~2/ARMGNU~1/13C7F1~1.2RE/bin/../lib/gcc/arm-none-eabi/13.2.1/thumb/v7-m/nofp\libnosys.a(isatty.o)
 .ARM.attributes
                0x0000071e       0x2d C:/PROGRA~2/ARMGNU~1/13C7F1~1.2RE/bin/../lib/gcc/arm-none-eabi/13.2.1/thumb/v7-m/nofp\libnosys.a(kill.o)
 .ARM.attributes
                0x0000074b       0x2d C:/PROGRA~2/ARMGNU~1/13C7F1~1.2RE/bin/../lib/gcc/arm-none-eabi/13.2.1/thumb/v7-m/nofp\libnosys.a(lseek.o)
 .ARM.attributes
                0x00000778       0x2d C:/PROGRA~2/ARMGNU~1/13C7F1~1.2RE/bin/../lib/gcc/arm-none-eabi/13.2.1/thumb/v7-m/nofp\libnosys.a(read.o)
 .ARM.attributes
                0x000007a5       0x2d C:/PROGRA~2/ARMGNU~1/13C7F1~1.2RE/bin/../lib/gcc/arm-none-eabi/13.2.1/thumb/v7-m/nofp\libnosys.a(sbrk.o)
 .ARM.attributes
                0x000007d2       0x2d C:/PROGRA~2/ARMGNU~1/13C7F1~1.2RE/bin/../lib/gcc/arm-none-eabi/13.2.1/thumb/v7-m/nofp\libnosys.a(write.o)
 .ARM.attributes
                0x000007ff       0x2d C:/PROGRA~2/ARMGNU~1/13C7F1~1.2RE/bin/../lib/gcc/arm-none-eabi/13.2.1/thumb/v7-m/nofp\libnosys.a(_exit.o)
 .ARM.attributes
                0x0000082c       0x2d C:/PROGRA~2/ARMGNU~1/13C7F1~1.2RE/bin/../lib/gcc/arm-none-eabi/13.2.1/thumb/v7-m/nofp/crtend.o
 .ARM.attributes
                0x00000859       0x1d C:/PROGRA~2/ARMGNU~1/13C7F1~1.2RE/bin/../lib/gcc/arm-none-eabi/13.2.1/thumb/v7-m/nofp/crtn.o

.comment        0x00000000       0x44
 .comment       0x00000000       0x44 CMakeFiles/Group_Source_Files.dir/D_/Test/gdb_invalid_source_line/test/system.c.obj
                                 0x45 (size before relaxing)
 .comment       0x00000044       0x45 CMakeFiles/Group_Source_Files.dir/D_/Test/gdb_invalid_source_line/test/main.c.obj
 .comment       0x00000044       0x45 CMakeFiles/Group_Source_Files.dir/D_/Test/gdb_invalid_source_line/test/test.c.obj

.debug_line_str
                0x00000000      0x1f0
 .debug_line_str
                0x00000000      0x1f0 C:/PROGRA~2/ARMGNU~1/13C7F1~1.2RE/bin/../lib/gcc/arm-none-eabi/13.2.1/thumb/v7-m/nofp/crt0.o
                                 0xd2 (size before relaxing)
 .debug_line_str
                0x000001f0       0x55 CMakeFiles/Group_Source_Files.dir/D_/Test/gdb_invalid_source_line/test/startup.S.obj
 .debug_line_str
                0x000001f0       0xc9 C:/PROGRA~2/ARMGNU~1/13C7F1~1.2RE/bin/../lib/gcc/arm-none-eabi/13.2.1/thumb/v7-m/nofp\libgcc.a(libunwind.o)

.debug_line     0x00000000      0x6ee
 .debug_line    0x00000000       0x77 CMakeFiles/Group_Source_Files.dir/D_/Test/gdb_invalid_source_line/test/startup.S.obj
 .debug_line    0x00000077       0x60 CMakeFiles/Group_Source_Files.dir/D_/Test/gdb_invalid_source_line/test/system.c.obj
 .debug_line    0x000000d7       0x5f CMakeFiles/Group_Source_Files.dir/D_/Test/gdb_invalid_source_line/test/main.c.obj
 .debug_line    0x00000136      0x5b8 CMakeFiles/Group_Source_Files.dir/D_/Test/gdb_invalid_source_line/test/test.c.obj

.debug_info     0x00000000      0x1e1
 .debug_info    0x00000000       0xb5 CMakeFiles/Group_Source_Files.dir/D_/Test/gdb_invalid_source_line/test/startup.S.obj
 .debug_info    0x000000b5       0x3d CMakeFiles/Group_Source_Files.dir/D_/Test/gdb_invalid_source_line/test/system.c.obj
 .debug_info    0x000000f2       0x50 CMakeFiles/Group_Source_Files.dir/D_/Test/gdb_invalid_source_line/test/main.c.obj
 .debug_info    0x00000142       0x9f CMakeFiles/Group_Source_Files.dir/D_/Test/gdb_invalid_source_line/test/test.c.obj

.debug_abbrev   0x00000000       0xeb
 .debug_abbrev  0x00000000       0x28 CMakeFiles/Group_Source_Files.dir/D_/Test/gdb_invalid_source_line/test/startup.S.obj
 .debug_abbrev  0x00000028       0x2f CMakeFiles/Group_Source_Files.dir/D_/Test/gdb_invalid_source_line/test/system.c.obj
 .debug_abbrev  0x00000057       0x4d CMakeFiles/Group_Source_Files.dir/D_/Test/gdb_invalid_source_line/test/main.c.obj
 .debug_abbrev  0x000000a4       0x47 CMakeFiles/Group_Source_Files.dir/D_/Test/gdb_invalid_source_line/test/test.c.obj

.debug_aranges  0x00000000       0x88
 .debug_aranges
                0x00000000       0x20 CMakeFiles/Group_Source_Files.dir/D_/Test/gdb_invalid_source_line/test/startup.S.obj
 .debug_aranges
                0x00000020       0x20 CMakeFiles/Group_Source_Files.dir/D_/Test/gdb_invalid_source_line/test/system.c.obj
 .debug_aranges
                0x00000040       0x20 CMakeFiles/Group_Source_Files.dir/D_/Test/gdb_invalid_source_line/test/main.c.obj
 .debug_aranges
                0x00000060       0x28 CMakeFiles/Group_Source_Files.dir/D_/Test/gdb_invalid_source_line/test/test.c.obj

.debug_str      0x00000000     0x67a4
 .debug_str     0x00000000     0x67a4 CMakeFiles/Group_Source_Files.dir/D_/Test/gdb_invalid_source_line/test/startup.S.obj
                                0x111 (size before relaxing)
 .debug_str     0x000067a4     0x2e28 CMakeFiles/Group_Source_Files.dir/D_/Test/gdb_invalid_source_line/test/system.c.obj
 .debug_str     0x000067a4     0x2e25 CMakeFiles/Group_Source_Files.dir/D_/Test/gdb_invalid_source_line/test/main.c.obj
 .debug_str     0x000067a4     0x6753 CMakeFiles/Group_Source_Files.dir/D_/Test/gdb_invalid_source_line/test/test.c.obj

.debug_rnglists
                0x00000000       0x40
 .debug_rnglists
                0x00000000       0x13 CMakeFiles/Group_Source_Files.dir/D_/Test/gdb_invalid_source_line/test/system.c.obj
 .debug_rnglists
                0x00000013       0x13 CMakeFiles/Group_Source_Files.dir/D_/Test/gdb_invalid_source_line/test/main.c.obj
 .debug_rnglists
                0x00000026       0x1a CMakeFiles/Group_Source_Files.dir/D_/Test/gdb_invalid_source_line/test/test.c.obj

.debug_macro    0x00000000     0x17b4
 .debug_macro   0x00000000       0x11 CMakeFiles/Group_Source_Files.dir/D_/Test/gdb_invalid_source_line/test/system.c.obj
 .debug_macro   0x00000011      0xac0 CMakeFiles/Group_Source_Files.dir/D_/Test/gdb_invalid_source_line/test/system.c.obj
 .debug_macro   0x00000ad1       0x11 CMakeFiles/Group_Source_Files.dir/D_/Test/gdb_invalid_source_line/test/main.c.obj
 .debug_macro   0x00000ae2      0x100 CMakeFiles/Group_Source_Files.dir/D_/Test/gdb_invalid_source_line/test/test.c.obj
 .debug_macro   0x00000be2       0x22 CMakeFiles/Group_Source_Files.dir/D_/Test/gdb_invalid_source_line/test/test.c.obj
 .debug_macro   0x00000c04       0x75 CMakeFiles/Group_Source_Files.dir/D_/Test/gdb_invalid_source_line/test/test.c.obj
 .debug_macro   0x00000c79       0x24 CMakeFiles/Group_Source_Files.dir/D_/Test/gdb_invalid_source_line/test/test.c.obj
 .debug_macro   0x00000c9d       0x94 CMakeFiles/Group_Source_Files.dir/D_/Test/gdb_invalid_source_line/test/test.c.obj
 .debug_macro   0x00000d31       0x3c CMakeFiles/Group_Source_Files.dir/D_/Test/gdb_invalid_source_line/test/test.c.obj
 .debug_macro   0x00000d6d       0x34 CMakeFiles/Group_Source_Files.dir/D_/Test/gdb_invalid_source_line/test/test.c.obj
 .debug_macro   0x00000da1       0x16 CMakeFiles/Group_Source_Files.dir/D_/Test/gdb_invalid_source_line/test/test.c.obj
 .debug_macro   0x00000db7       0x57 CMakeFiles/Group_Source_Files.dir/D_/Test/gdb_invalid_source_line/test/test.c.obj
 .debug_macro   0x00000e0e       0x9e CMakeFiles/Group_Source_Files.dir/D_/Test/gdb_invalid_source_line/test/test.c.obj
 .debug_macro   0x00000eac      0x370 CMakeFiles/Group_Source_Files.dir/D_/Test/gdb_invalid_source_line/test/test.c.obj
 .debug_macro   0x0000121c      0x112 CMakeFiles/Group_Source_Files.dir/D_/Test/gdb_invalid_source_line/test/test.c.obj
 .debug_macro   0x0000132e       0x10 CMakeFiles/Group_Source_Files.dir/D_/Test/gdb_invalid_source_line/test/test.c.obj
 .debug_macro   0x0000133e       0x16 CMakeFiles/Group_Source_Files.dir/D_/Test/gdb_invalid_source_line/test/test.c.obj
 .debug_macro   0x00001354       0x4a CMakeFiles/Group_Source_Files.dir/D_/Test/gdb_invalid_source_line/test/test.c.obj
 .debug_macro   0x0000139e       0x34 CMakeFiles/Group_Source_Files.dir/D_/Test/gdb_invalid_source_line/test/test.c.obj
 .debug_macro   0x000013d2       0x10 CMakeFiles/Group_Source_Files.dir/D_/Test/gdb_invalid_source_line/test/test.c.obj
 .debug_macro   0x000013e2       0x58 CMakeFiles/Group_Source_Files.dir/D_/Test/gdb_invalid_source_line/test/test.c.obj
 .debug_macro   0x0000143a      0x1de CMakeFiles/Group_Source_Files.dir/D_/Test/gdb_invalid_source_line/test/test.c.obj
 .debug_macro   0x00001618       0x16 CMakeFiles/Group_Source_Files.dir/D_/Test/gdb_invalid_source_line/test/test.c.obj
 .debug_macro   0x0000162e       0x16 CMakeFiles/Group_Source_Files.dir/D_/Test/gdb_invalid_source_line/test/test.c.obj
 .debug_macro   0x00001644      0x170 CMakeFiles/Group_Source_Files.dir/D_/Test/gdb_invalid_source_line/test/test.c.obj

.debug_frame    0x00000000      0xd8c
 .debug_frame   0x00000000       0x20 CMakeFiles/Group_Source_Files.dir/D_/Test/gdb_invalid_source_line/test/system.c.obj
 .debug_frame   0x00000020       0x28 CMakeFiles/Group_Source_Files.dir/D_/Test/gdb_invalid_source_line/test/main.c.obj
 .debug_frame   0x00000048       0x40 CMakeFiles/Group_Source_Files.dir/D_/Test/gdb_invalid_source_line/test/test.c.obj
 .debug_frame   0x00000088      0x2d4 C:/PROGRA~2/ARMGNU~1/13C7F1~1.2RE/bin/../lib/gcc/arm-none-eabi/13.2.1/thumb/v7-m/nofp\libgcc.a(unwind-arm.o)
 .debug_frame   0x0000035c       0xf4 C:/PROGRA~2/ARMGNU~1/13C7F1~1.2RE/bin/../lib/gcc/arm-none-eabi/13.2.1/thumb/v7-m/nofp\libgcc.a(pr-support.o)
 .debug_frame   0x00000450       0x28 C:/PROGRA~2/ARMGNU~1/13C7F1~1.2RE/bin/../lib/gcc/arm-none-eabi/13.2.1/thumb/v7-m/nofp\libc_nano.a(libc_a-abort.o)
 .debug_frame   0x00000478       0x28 C:/PROGRA~2/ARMGNU~1/13C7F1~1.2RE/bin/../lib/gcc/arm-none-eabi/13.2.1/thumb/v7-m/nofp\libc_nano.a(libc_a-exit.o)
 .debug_frame   0x000004a0      0x144 C:/PROGRA~2/ARMGNU~1/13C7F1~1.2RE/bin/../lib/gcc/arm-none-eabi/13.2.1/thumb/v7-m/nofp\libc_nano.a(libc_a-findfp.o)
 .debug_frame   0x000005e4       0x34 C:/PROGRA~2/ARMGNU~1/13C7F1~1.2RE/bin/../lib/gcc/arm-none-eabi/13.2.1/thumb/v7-m/nofp\libc_nano.a(libc_a-fwalk.o)
 .debug_frame   0x00000618       0x3c C:/PROGRA~2/ARMGNU~1/13C7F1~1.2RE/bin/../lib/gcc/arm-none-eabi/13.2.1/thumb/v7-m/nofp\libc_nano.a(libc_a-puts.o)
 .debug_frame   0x00000654       0x88 C:/PROGRA~2/ARMGNU~1/13C7F1~1.2RE/bin/../lib/gcc/arm-none-eabi/13.2.1/thumb/v7-m/nofp\libc_nano.a(libc_a-stdio.o)
 .debug_frame   0x000006dc       0x40 C:/PROGRA~2/ARMGNU~1/13C7F1~1.2RE/bin/../lib/gcc/arm-none-eabi/13.2.1/thumb/v7-m/nofp\libc_nano.a(libc_a-wbuf.o)
 .debug_frame   0x0000071c       0x2c C:/PROGRA~2/ARMGNU~1/13C7F1~1.2RE/bin/../lib/gcc/arm-none-eabi/13.2.1/thumb/v7-m/nofp\libc_nano.a(libc_a-wsetup.o)
 .debug_frame   0x00000748       0x20 C:/PROGRA~2/ARMGNU~1/13C7F1~1.2RE/bin/../lib/gcc/arm-none-eabi/13.2.1/thumb/v7-m/nofp\libc_nano.a(libc_a-memset.o)
 .debug_frame   0x00000768       0xcc C:/PROGRA~2/ARMGNU~1/13C7F1~1.2RE/bin/../lib/gcc/arm-none-eabi/13.2.1/thumb/v7-m/nofp\libc_nano.a(libc_a-signal.o)
 .debug_frame   0x00000834       0x2c C:/PROGRA~2/ARMGNU~1/13C7F1~1.2RE/bin/../lib/gcc/arm-none-eabi/13.2.1/thumb/v7-m/nofp\libc_nano.a(libc_a-closer.o)
 .debug_frame   0x00000860       0x38 C:/PROGRA~2/ARMGNU~1/13C7F1~1.2RE/bin/../lib/gcc/arm-none-eabi/13.2.1/thumb/v7-m/nofp\libc_nano.a(libc_a-reent.o)
 .debug_frame   0x00000898       0x2c C:/PROGRA~2/ARMGNU~1/13C7F1~1.2RE/bin/../lib/gcc/arm-none-eabi/13.2.1/thumb/v7-m/nofp\libc_nano.a(libc_a-lseekr.o)
 .debug_frame   0x000008c4       0x2c C:/PROGRA~2/ARMGNU~1/13C7F1~1.2RE/bin/../lib/gcc/arm-none-eabi/13.2.1/thumb/v7-m/nofp\libc_nano.a(libc_a-readr.o)
 .debug_frame   0x000008f0       0x3c C:/PROGRA~2/ARMGNU~1/13C7F1~1.2RE/bin/../lib/gcc/arm-none-eabi/13.2.1/thumb/v7-m/nofp\libc_nano.a(libc_a-signalr.o)
 .debug_frame   0x0000092c       0x2c C:/PROGRA~2/ARMGNU~1/13C7F1~1.2RE/bin/../lib/gcc/arm-none-eabi/13.2.1/thumb/v7-m/nofp\libc_nano.a(libc_a-writer.o)
 .debug_frame   0x00000958       0x2c C:/PROGRA~2/ARMGNU~1/13C7F1~1.2RE/bin/../lib/gcc/arm-none-eabi/13.2.1/thumb/v7-m/nofp\libc_nano.a(libc_a-init.o)
 .debug_frame   0x00000984       0xb0 C:/PROGRA~2/ARMGNU~1/13C7F1~1.2RE/bin/../lib/gcc/arm-none-eabi/13.2.1/thumb/v7-m/nofp\libc_nano.a(libc_a-lock.o)
 .debug_frame   0x00000a34       0x28 C:/PROGRA~2/ARMGNU~1/13C7F1~1.2RE/bin/../lib/gcc/arm-none-eabi/13.2.1/thumb/v7-m/nofp\libc_nano.a(libc_a-memcpy-stub.o)
 .debug_frame   0x00000a5c       0x38 C:/PROGRA~2/ARMGNU~1/13C7F1~1.2RE/bin/../lib/gcc/arm-none-eabi/13.2.1/thumb/v7-m/nofp\libc_nano.a(libc_a-freer.o)
 .debug_frame   0x00000a94       0x50 C:/PROGRA~2/ARMGNU~1/13C7F1~1.2RE/bin/../lib/gcc/arm-none-eabi/13.2.1/thumb/v7-m/nofp\libc_nano.a(libc_a-mallocr.o)
 .debug_frame   0x00000ae4       0x30 C:/PROGRA~2/ARMGNU~1/13C7F1~1.2RE/bin/../lib/gcc/arm-none-eabi/13.2.1/thumb/v7-m/nofp\libc_nano.a(libc_a-mlock.o)
 .debug_frame   0x00000b14       0x5c C:/PROGRA~2/ARMGNU~1/13C7F1~1.2RE/bin/../lib/gcc/arm-none-eabi/13.2.1/thumb/v7-m/nofp\libc_nano.a(libc_a-fflush.o)
 .debug_frame   0x00000b70       0x58 C:/PROGRA~2/ARMGNU~1/13C7F1~1.2RE/bin/../lib/gcc/arm-none-eabi/13.2.1/thumb/v7-m/nofp\libc_nano.a(libc_a-makebuf.o)
 .debug_frame   0x00000bc8       0x2c C:/PROGRA~2/ARMGNU~1/13C7F1~1.2RE/bin/../lib/gcc/arm-none-eabi/13.2.1/thumb/v7-m/nofp\libc_nano.a(libc_a-fstatr.o)
 .debug_frame   0x00000bf4       0x2c C:/PROGRA~2/ARMGNU~1/13C7F1~1.2RE/bin/../lib/gcc/arm-none-eabi/13.2.1/thumb/v7-m/nofp\libc_nano.a(libc_a-isattyr.o)
 .debug_frame   0x00000c20       0x2c C:/PROGRA~2/ARMGNU~1/13C7F1~1.2RE/bin/../lib/gcc/arm-none-eabi/13.2.1/thumb/v7-m/nofp\libc_nano.a(libc_a-sbrkr.o)
 .debug_frame   0x00000c4c       0x20 C:/PROGRA~2/ARMGNU~1/13C7F1~1.2RE/bin/../lib/gcc/arm-none-eabi/13.2.1/thumb/v7-m/nofp\libnosys.a(close.o)
 .debug_frame   0x00000c6c       0x20 C:/PROGRA~2/ARMGNU~1/13C7F1~1.2RE/bin/../lib/gcc/arm-none-eabi/13.2.1/thumb/v7-m/nofp\libnosys.a(fstat.o)
 .debug_frame   0x00000c8c       0x20 C:/PROGRA~2/ARMGNU~1/13C7F1~1.2RE/bin/../lib/gcc/arm-none-eabi/13.2.1/thumb/v7-m/nofp\libnosys.a(getpid.o)
 .debug_frame   0x00000cac       0x20 C:/PROGRA~2/ARMGNU~1/13C7F1~1.2RE/bin/../lib/gcc/arm-none-eabi/13.2.1/thumb/v7-m/nofp\libnosys.a(isatty.o)
 .debug_frame   0x00000ccc       0x20 C:/PROGRA~2/ARMGNU~1/13C7F1~1.2RE/bin/../lib/gcc/arm-none-eabi/13.2.1/thumb/v7-m/nofp\libnosys.a(kill.o)
 .debug_frame   0x00000cec       0x20 C:/PROGRA~2/ARMGNU~1/13C7F1~1.2RE/bin/../lib/gcc/arm-none-eabi/13.2.1/thumb/v7-m/nofp\libnosys.a(lseek.o)
 .debug_frame   0x00000d0c       0x20 C:/PROGRA~2/ARMGNU~1/13C7F1~1.2RE/bin/../lib/gcc/arm-none-eabi/13.2.1/thumb/v7-m/nofp\libnosys.a(read.o)
 .debug_frame   0x00000d2c       0x20 C:/PROGRA~2/ARMGNU~1/13C7F1~1.2RE/bin/../lib/gcc/arm-none-eabi/13.2.1/thumb/v7-m/nofp\libnosys.a(sbrk.o)
 .debug_frame   0x00000d4c       0x20 C:/PROGRA~2/ARMGNU~1/13C7F1~1.2RE/bin/../lib/gcc/arm-none-eabi/13.2.1/thumb/v7-m/nofp\libnosys.a(write.o)
 .debug_frame   0x00000d6c       0x20 C:/PROGRA~2/ARMGNU~1/13C7F1~1.2RE/bin/../lib/gcc/arm-none-eabi/13.2.1/thumb/v7-m/nofp\libnosys.a(_exit.o)
